###############################################################################
#
# IAR ELF Linker V8.11.3.13950/W32 for ARM                15/Aug/2019  17:27:32
# Copyright 2007-2017 IAR Systems AB.
#
#    Output file  =  
#        C:\Users\sjaem\Desktop\EE474\lab5_FINAL\Debug\Exe\fingerprint.out
#    Map file     =  
#        C:\Users\sjaem\Desktop\EE474\lab5_FINAL\Debug\List\fingerprint.map
#    Command line =  
#        -f C:\Users\sjaem\AppData\Local\Temp\EWA680.tmp
#        (C:\Users\sjaem\Desktop\EE474\lab5_FINAL\Debug\Obj\cstartup_M.o
#        C:\Users\sjaem\Desktop\EE474\lab5_FINAL\Debug\Obj\fingerprint.o
#        C:\Users\sjaem\Desktop\EE474\lab5_FINAL\Debug\Obj\SSD2119.o -o
#        C:\Users\sjaem\Desktop\EE474\lab5_FINAL\Debug\Exe\fingerprint.out
#        --redirect _Printf=_PrintfFullNoMb --redirect _Scanf=_ScanfFullNoMb
#        --map
#        C:\Users\sjaem\Desktop\EE474\lab5_FINAL\Debug\List\fingerprint.map
#        --config "C:\Program Files (x86)\IAR Systems\Embedded Workbench
#        8.0\arm\config\linker\TexasInstruments\TM4C123GH6.icf" --semihosting
#        --entry __iar_program_start --vfe --text_out locale)
#
###############################################################################

*******************************************************************************
*** RUNTIME MODEL ATTRIBUTES
***

CppFlavor       = *
__Heap_Handler  = NoFree
__SystemLibrary = DLib
__dlib_version  = 6


*******************************************************************************
*** HEAP SELECTION
***

The no free heap was selected because no calls to memory
deallocation functions were found in the application.


*******************************************************************************
*** PLACEMENT SUMMARY
***

"A0":  place at 0x00000000 { ro section .intvec };
"P1":  place in [from 0x00000000 to 0x0003ffff] { ro };
define block CSTACK with size = 4K, alignment = 8 { };
define block HEAP with size = 8K, alignment = 8 { };
"P2":  place in [from 0x20000000 to 0x20007fff] {
          rw, block CSTACK, block HEAP };
initialize by copy { rw };

  Section            Kind        Address    Size  Object
  -------            ----        -------    ----  ------
"A0":                                       0xbc
  .intvec            const    0x00000000    0xbc  cstartup_M.o [1]
                            - 0x000000bc    0xbc

"P1":                                     0x2aa8
  .text              ro code  0x000000bc   0xdd6  xprintffull_nomb.o [3]
  .text              ro code  0x00000e92     0x2  cstartup_M.o [1]
  .text              ro code  0x00000e94    0x16  strchr.o [5]
  .text              ro code  0x00000eaa     0x2  cstartup_M.o [1]
  .text              ro code  0x00000eac    0x44  xfail_s.o [3]
  .text              ro code  0x00000ef0    0x36  strlen.o [5]
  .text              ro code  0x00000f26     0x2  cstartup_M.o [1]
  .text              ro code  0x00000f28    0x58  memchr.o [5]
  .text              ro code  0x00000f80    0xee  I64DivMod.o [5]
  .text              ro code  0x0000106e     0x2  cstartup_M.o [1]
  .text              ro code  0x00001070   0x1a2  DblMul.o [4]
  .text              ro code  0x00001212     0x2  cstartup_M.o [1]
  .text              ro code  0x00001214    0x76  ABImemcpy_unaligned.o [5]
  .text              ro code  0x0000128a     0x2  cstartup_M.o [1]
  .text              ro code  0x0000128c    0x70  frexp.o [4]
  .text              ro code  0x000012fc    0x2e  DblCmpLe.o [4]
  .text              ro code  0x0000132a     0x2  cstartup_M.o [1]
  .text              ro code  0x0000132c    0x2e  DblCmpGe.o [4]
  .text              ro code  0x0000135a     0x2  cstartup_M.o [1]
  .text              ro code  0x0000135c   0x13a  ldexp.o [4]
  .text              ro code  0x00001496     0x2  cstartup_M.o [1]
  .text              ro code  0x00001498    0x3a  DblToS32.o [4]
  .text              ro code  0x000014d2     0x2  cstartup_M.o [1]
  .text              ro code  0x000014d4    0x22  S32ToDbl.o [4]
  .text              ro code  0x000014f6     0x2  cstartup_M.o [1]
  .text              ro code  0x000014f8    0xe2  DblSub.o [4]
  .text              ro code  0x000015da     0x2  cstartup_M.o [1]
  .text              ro code  0x000015dc   0x246  DblDiv.o [4]
  .text              ro code  0x00001824    0x28  DblToU32.o [4]
  .text              ro code  0x0000184c    0x1a  U32ToDbl.o [4]
  .text              ro code  0x00001866     0x6  abort.o [3]
  .text              ro code  0x0000186c     0x2  I64DivZer.o [5]
  .text              ro code  0x00001870   0x168  DblAdd.o [4]
  .text              ro code  0x000019d8    0x14  exit.o [6]
  .text              ro code  0x000019ec    0x68  iarttio.o [6]
  .text              ro code  0x00001a54     0x8  XShttio.o [3]
  .text              ro code  0x00001a5c   0x710  fingerprint.o [1]
  .text              ro code  0x0000216c   0x4f4  SSD2119.o [1]
  .text              ro code  0x00002660    0x28  printf.o [3]
  .text              ro code  0x00002688    0x44  no_free_heap0.o [3]
  .text              ro code  0x000026cc    0x44  strcpy_unaligned.o [5]
  .text              ro code  0x00002710    0x20  strcat.o [3]
  .text              ro code  0x00002730    0x2c  xgetmemchunk.o [3]
  .rodata            const    0x0000275c   0x1e0  SSD2119.o [1]
  .text              ro code  0x0000293c    0x38  packbits_init_single.o [5]
  .text              ro code  0x00002974    0x28  data_init.o [5]
  .text              ro code  0x0000299c    0x22  fpinit_M.o [4]
  .text              ro code  0x000029be    0x22  iarwrite.o [6]
  .iar.init_table    const    0x000029e0    0x10  - Linker created -
  .text              ro code  0x000029f0    0x20  putchar.o [3]
  .text              ro code  0x00002a10    0x10  write.o [6]
  .text              ro code  0x00002a20    0x1e  dwrite.o [6]
  .text              ro code  0x00002a3e    0x20  iarwstd.o [6]
  .rodata            const    0x00002a60    0x1c  fingerprint.o [1]
  .rodata            const    0x00002a7c    0x1c  fingerprint.o [1]
  .rodata            const    0x00002a98    0x1c  fingerprint.o [1]
  .rodata            const    0x00002ab4    0x1c  fingerprint.o [1]
  .rodata            const    0x00002ad0    0x1c  fingerprint.o [1]
  .text              ro code  0x00002aec    0x1a  cmain.o [5]
  .text              ro code  0x00002b06     0x4  low_level_init.o [3]
  .text              ro code  0x00002b0a     0x4  exit.o [3]
  .text              ro code  0x00002b10     0xa  cexit.o [5]
  .text              ro code  0x00002b1a    0x16  xprout.o [3]
  .text              ro code  0x00002b30    0x10  cstartup_M.o [1]
  .rodata            const    0x00002b40     0x8  fingerprint.o [1]
  .rodata            const    0x00002b48     0x8  fingerprint.o [1]
  .rodata            const    0x00002b50     0x8  fingerprint.o [1]
  .rodata            const    0x00002b58     0x8  fingerprint.o [1]
  .rodata            const    0x00002b60     0x0  packbits_init_single.o [5]
  Initializer bytes  const    0x00002b60     0x4  <for P2-1>
                            - 0x00002b64  0x2aa8

"P2", part 1 of 2:                          0x2b
  P2-1                        0x20000000    0x2b  <Init block>
    .data            inited   0x20000000     0x8  XShttio.o [3]
    .bss             inited   0x20000008     0x4  fingerprint.o [1]
    .bss             inited   0x2000000c     0x4  fingerprint.o [1]
    .bss             inited   0x20000010     0x4  fingerprint.o [1]
    .bss             inited   0x20000014     0x4  fingerprint.o [1]
    .bss             inited   0x20000018     0x4  xfail_s.o [3]
    .bss             inited   0x2000001c     0x4  no_free_heap0.o [3]
    .bss             inited   0x20000020     0x4  xgetmemchunk.o [3]
    .bss             inited   0x20000024     0x2  SSD2119.o [1]
    .bss             inited   0x20000026     0x2  SSD2119.o [1]
    .bss             inited   0x20000028     0x2  SSD2119.o [1]
    .bss             inited   0x2000002a     0x1  fingerprint.o [1]
                            - 0x2000002b    0x2b

"P2", part 2 of 2:                        0x3000
  CSTACK                      0x20000030  0x1000  <Block>
    CSTACK           uninit   0x20000030  0x1000  <Block tail>
  HEAP                        0x20001030  0x2000  <Block>
    HEAP             uninit   0x20001030  0x2000  <Block tail>
                            - 0x20003030  0x3000


*******************************************************************************
*** INIT TABLE
***

          Address     Size
          -------     ----
Copy/packbits (__iar_packbits_init_single3)
    1 source range, total size 0x4 (9% of destination):
          0x00002b60   0x4
    1 destination range, total size 0x2b:
          0x20000000  0x2b



*******************************************************************************
*** MODULE SUMMARY
***

    Module                  ro code  ro data  rw data
    ------                  -------  -------  -------
C:\Users\sjaem\Desktop\EE474\lab5_FINAL\Debug\Obj: [1]
    SSD2119.o                 1 268      480        6
    cstartup_M.o                 40      188
    fingerprint.o             1 808      175       17
    -------------------------------------------------
    Total:                    3 116      843       23

command line: [2]
    -------------------------------------------------
    Total:

dl7M_tln.a: [3]
    XShttio.o                     8                 8
    abort.o                       6
    exit.o                        4
    low_level_init.o              4
    no_free_heap0.o              68                 4
    printf.o                     40
    putchar.o                    32
    strcat.o                     32
    xfail_s.o                    68                 4
    xgetmemchunk.o               44        1        4
    xprintffull_nomb.o        3 542
    xprout.o                     22
    -------------------------------------------------
    Total:                    3 870        1       20

m7M_tls.a: [4]
    DblAdd.o                    360
    DblCmpGe.o                   46
    DblCmpLe.o                   46
    DblDiv.o                    582
    DblMul.o                    418
    DblSub.o                    226
    DblToS32.o                   58
    DblToU32.o                   40
    S32ToDbl.o                   34
    U32ToDbl.o                   26
    fpinit_M.o                   34
    frexp.o                     112
    ldexp.o                     314
    -------------------------------------------------
    Total:                    2 296

rt7M_tl.a: [5]
    ABImemcpy_unaligned.o       118
    I64DivMod.o                 238
    I64DivZer.o                   2
    cexit.o                      10
    cmain.o                      26
    data_init.o                  40
    memchr.o                     88
    packbits_init_single.o       56
    strchr.o                     22
    strcpy_unaligned.o           68
    strlen.o                     54
    -------------------------------------------------
    Total:                      722

shb_l.a: [6]
    dwrite.o                     30
    exit.o                       20
    iarttio.o                   104
    iarwrite.o                   34
    iarwstd.o                    32
    write.o                      16
    -------------------------------------------------
    Total:                      236

    Gaps                          6        2
    Linker created                        16   12 288
-----------------------------------------------------
    Grand Total:             10 246      862   12 331


*******************************************************************************
*** ENTRY LIST
***

Entry                      Address   Size  Type      Object
-----                      -------   ----  ----      ------
.iar.init_table$$Base   0x000029e0          --   Gb  - Linker created -
.iar.init_table$$Limit  0x000029f0          --   Gb  - Linker created -
?main                   0x00002aed         Code  Gb  cmain.o [5]
ASCII                   0x0000275c  0x1e0  Data  Lc  SSD2119.o [1]
CSTACK$$Base            0x20000030          --   Gb  - Linker created -
CSTACK$$Limit           0x20001030          --   Gb  - Linker created -
HEAP$$Base              0x20001030          --   Gb  - Linker created -
HEAP$$Limit             0x20003030          --   Gb  - Linker created -
I2C0_Receive            0x00001da7   0x14  Code  Gb  fingerprint.o [1]
I2C_Init                0x00001d0b   0x9c  Code  Gb  fingerprint.o [1]
LCD_ColorFill           0x00002471   0x16  Code  Gb  SSD2119.o [1]
LCD_DrawFilledRect      0x000025c9   0x60  Code  Gb  SSD2119.o [1]
LCD_DrawPixel           0x00002595   0x34  Code  Gb  SSD2119.o [1]
LCD_GPIOInit            0x0000216d   0x90  Code  Gb  SSD2119.o [1]
LCD_Init                0x000022af  0x1a2  Code  Gb  SSD2119.o [1]
LCD_PrintChar           0x00002487   0xd0  Code  Gb  SSD2119.o [1]
LCD_PrintString         0x00002557   0x1c  Code  Gb  SSD2119.o [1]
LCD_SetCursor           0x00002573    0xe  Code  Gb  SSD2119.o [1]
LCD_SetTextColor        0x00002581   0x14  Code  Gb  SSD2119.o [1]
LCD_WriteCommand        0x000021fd   0x56  Code  Gb  SSD2119.o [1]
LCD_WriteData           0x00002253   0x5c  Code  Gb  SSD2119.o [1]
LoadInt                 0x0000025b   0x7a  Code  Lc  xprintffull_nomb.o [3]
Locked_Handler          0x00001aaf   0x7c  Code  Gb  fingerprint.o [1]
Motor_Init              0x00001dbb   0x4e  Code  Gb  fingerprint.o [1]
Region$$Table$$Base     0x000029e0          --   Gb  - Linker created -
Region$$Table$$Limit    0x000029f0          --   Gb  - Linker created -
Timer0A_Handler         0x00001cab   0x1c  Code  Gb  fingerprint.o [1]
Timer0_Init             0x00001ba7   0x8c  Code  Gb  fingerprint.o [1]
Timer1A_Handler         0x00001cc7   0x18  Code  Gb  fingerprint.o [1]
Timer1_Init             0x00001c33   0x78  Code  Gb  fingerprint.o [1]
Unlocked_Handler        0x00001b2b   0x7c  Code  Gb  fingerprint.o [1]
_GenldFullNoMb          0x00000bbf  0x248  Code  Lc  xprintffull_nomb.o [3]
_LdtobFullNoMb          0x000007a3  0x3f0  Code  Lc  xprintffull_nomb.o [3]
_LitobFullNoMb          0x00000647  0x116  Code  Lc  xprintffull_nomb.o [3]
_PrintfFullNoMb         0x000000bd  0x190  Code  Gb  xprintffull_nomb.o [3]
_Prout                  0x00002b1b   0x16  Code  Gb  xprout.o [3]
_PutcharsFullNoMb       0x00000e07   0x2e  Code  Lc  xprintffull_nomb.o [3]
_PutfldFullNoMb         0x000002d5  0x264  Code  Lc  xprintffull_nomb.o [3]
_PuttxtFullNoMb         0x00000539  0x10e  Code  Lc  xprintffull_nomb.o [3]
__aeabi_cdcmple         0x000012fd         Code  Gb  DblCmpLe.o [4]
__aeabi_cdrcmple        0x0000132d         Code  Gb  DblCmpGe.o [4]
__aeabi_d2iz            0x00001499         Code  Gb  DblToS32.o [4]
__aeabi_d2uiz           0x00001825         Code  Gb  DblToU32.o [4]
__aeabi_ddiv            0x000015dd         Code  Gb  DblDiv.o [4]
__aeabi_dmul            0x00001071         Code  Gb  DblMul.o [4]
__aeabi_dsub            0x000014f9         Code  Gb  DblSub.o [4]
__aeabi_i2d             0x000014d5         Code  Gb  S32ToDbl.o [4]
__aeabi_ldiv0           0x0000186d         Code  Gb  I64DivZer.o [5]
__aeabi_ui2d            0x0000184d         Code  Gb  U32ToDbl.o [4]
__aeabi_uldivmod        0x00000f81         Code  Gb  I64DivMod.o [5]
__cmain                 0x00002aed         Code  Gb  cmain.o [5]
__data_GetMemChunk      0x00002731   0x2c  Code  Gb  xgetmemchunk.o [3]
__data_GetMemChunk::start
                        0x20000020    0x4  Data  Lc  xgetmemchunk.o [3]
__dwrite                0x00002a21   0x1e  Code  Gb  dwrite.o [6]
__exit                  0x000019d9   0x14  Code  Gb  exit.o [6]
__iar_Fail_s            0x00000ead   0x1e  Code  Gb  xfail_s.o [3]
__iar_Memchr            0x00000f29         Code  Gb  memchr.o [5]
__iar_Strchr            0x00000e95         Code  Gb  strchr.o [5]
__iar_close_ttio        0x000019ed   0x2c  Code  Gb  iarttio.o [6]
__iar_dadd              0x00001509         Code  Gb  DblSub.o [4]
__iar_data_init3        0x00002975   0x28  Code  Gb  data_init.o [5]
__iar_dsub              0x00001871         Code  Gb  DblAdd.o [4]
__iar_dsubStart         0x00001883         Code  Gb  DblAdd.o [4]
__iar_frexp             0x00001299         Code  Gb  frexp.o [4]
__iar_frexpl            0x00001299         Code  Gb  frexp.o [4]
__iar_get_ttio          0x00001a19   0x38  Code  Gb  iarttio.o [6]
__iar_init_vfp          0x0000299d         Code  Gb  fpinit_M.o [4]
__iar_ldexp64           0x0000135d         Code  Gb  ldexp.o [4]
__iar_lookup_ttioh      0x00001a55    0x8  Code  Gb  XShttio.o [3]
__iar_packbits_init_single3
                        0x0000293d   0x38  Code  Gb  packbits_init_single.o [5]
__iar_program_start     0x00002b31   0x10  Code  Gb  cstartup_M.o [1]
__iar_scalbln64         0x0000135d         Code  Gb  ldexp.o [4]
__iar_scalbn64          0x0000135d         Code  Gb  ldexp.o [4]
__iar_sh_stdout         0x00002a3f   0x20  Code  Gb  iarwstd.o [6]
__iar_sh_write          0x000029bf   0x22  Code  Gb  iarwrite.o [6]
__iar_softfp___iar_frexp64
                        0x0000128d         Code  Gb  frexp.o [4]
__iar_softfp_frexp      0x0000128d         Code  Gb  frexp.o [4]
__iar_softfp_frexpl     0x0000128d         Code  Gb  frexp.o [4]
__iar_systems$$module {Abs}
                        0x00000001         Data  Gb  command line/config [2]
__iar_ttio_handles      0x20000000    0x8  Data  Lc  XShttio.o [3]
__iar_unaligned_memcpy  0x00001215         Code  Gb  ABImemcpy_unaligned.o [5]
__iar_unaligned_memcpy4
                        0x00001235         Code  Gb  ABImemcpy_unaligned.o [5]
__iar_unaligned_memcpy8
                        0x00001235         Code  Gb  ABImemcpy_unaligned.o [5]
__iar_unaligned_strcpy  0x000026cd         Code  Gb  strcpy_unaligned.o [5]
__low_level_init        0x00002b07    0x4  Code  Gb  low_level_init.o [3]
__no_free_malloc        0x00002689   0x40  Code  Gb  no_free_heap0.o [3]
__vector_table          0x00000000   0xbc  Data  Gb  cstartup_M.o [1]
__write                 0x00002a11   0x10  Code  Gb  write.o [6]
_call_main              0x00002af9         Code  Gb  cmain.o [5]
_exit                   0x00002b11         Code  Gb  cexit.o [5]
_main                   0x00002b03         Code  Gb  cmain.o [5]
abort                   0x00001867    0x6  Code  Gb  abort.o [3]
convertColor            0x00002451   0x20  Code  Gb  SSD2119.o [1]
cursorX                 0x20000024    0x2  Data  Gb  SSD2119.o [1]
cursorY                 0x20000026    0x2  Data  Gb  SSD2119.o [1]
deniedDisplay           0x00001fab   0x22  Code  Gb  fingerprint.o [1]
direction               0x2000000c    0x4  Data  Gb  fingerprint.o [1]
enterDisplay            0x00001fcd   0x50  Code  Gb  fingerprint.o [1]
exit                    0x00002b0b    0x4  Code  Gb  exit.o [3]
exitDisplay             0x0000201d   0x50  Code  Gb  fingerprint.o [1]
ldexp                   0x0000135d         Code  Gb  ldexp.o [4]
ldexpl                  0x0000135d         Code  Gb  ldexp.o [4]
lockedDisplay           0x0000206d   0x22  Code  Gb  fingerprint.o [1]
main                    0x00001a5d   0x52  Code  Gb  fingerprint.o [1]
memchr                  0x00000f29         Code  Gb  memchr.o [5]
motorStart              0x00001e09   0x28  Code  Gb  fingerprint.o [1]
motorStarted            0x20000008    0x4  Data  Gb  fingerprint.o [1]
motorStop               0x00001e31   0x2e  Code  Gb  fingerprint.o [1]
printf                  0x00002661   0x28  Code  Gb  printf.o [3]
putchar                 0x000029f1   0x20  Code  Gb  putchar.o [3]
qs                      0x2000001c    0x4  Data  Lc  no_free_heap0.o [3]
resetTimer0             0x00001cdf   0x2c  Code  Gb  fingerprint.o [1]
s                       0x2000002a    0x1  Data  Gb  fingerprint.o [1]
scalbln                 0x0000135d         Code  Gb  ldexp.o [4]
scalblnl                0x0000135d         Code  Gb  ldexp.o [4]
scalbn                  0x0000135d         Code  Gb  ldexp.o [4]
scalbnl                 0x0000135d         Code  Gb  ldexp.o [4]
scale                   0x0000075d   0x46  Code  Lc  xprintffull_nomb.o [3]
sec_hand                0x20000018    0x4  Data  Lc  xfail_s.o [3]
step                    0x20000010    0x4  Data  Gb  fingerprint.o [1]
strcat                  0x00002711   0x20  Code  Gb  strcat.o [3]
strchr                  0x00000e95         Code  Gb  strchr.o [5]
strlen                  0x00000ef1         Code  Gb  strlen.o [5]
textColor               0x20000028    0x2  Data  Gb  SSD2119.o [1]
totalSteps              0x20000014    0x4  Data  Gb  fingerprint.o [1]
turnLock                0x00001e5f  0x14c  Code  Gb  fingerprint.o [1]
unlockedDisplay         0x0000208f   0x22  Code  Gb  fingerprint.o [1]


[1] = C:\Users\sjaem\Desktop\EE474\lab5_FINAL\Debug\Obj
[2] = command line
[3] = dl7M_tln.a
[4] = m7M_tls.a
[5] = rt7M_tl.a
[6] = shb_l.a

  10 246 bytes of readonly  code memory
     862 bytes of readonly  data memory
  12 331 bytes of readwrite data memory

Errors: none
Warnings: none
